// Jest Snapshot v1, https://goo.gl/fbAQLP

exports[`DropdownAlert component Snapshots expect to render 1`] = `
<AnimatedComponent
  onMoveShouldSetResponder={[Function]}
  onMoveShouldSetResponderCapture={[Function]}
  onResponderEnd={[Function]}
  onResponderGrant={[Function]}
  onResponderMove={[Function]}
  onResponderReject={[Function]}
  onResponderRelease={[Function]}
  onResponderStart={[Function]}
  onResponderTerminate={[Function]}
  onResponderTerminationRequest={[Function]}
  onStartShouldSetResponder={[Function]}
  onStartShouldSetResponderCapture={[Function]}
  style={
    Array [
      Object {
        "elevation": 1,
        "left": 0,
        "position": "absolute",
        "right": 0,
        "top": 0,
        "transform": Array [
          Object {
            "translateY": -100,
          },
        ],
      },
      null,
    ]
  }
>
  <TouchableOpacity
    accessible={false}
    activeOpacity={0.95}
    disabled={false}
    onLayout={[Function]}
    onPress={[Function]}
  >
    <View
      style={
        Array [
          Object {
            "flexDirection": "row",
            "padding": 8,
          },
          Object {
            "backgroundColor": "#202020",
            "flexDirection": "row",
            "padding": 16,
          },
        ]
      }
    >
      <SafeAreaView
        style={
          Object {
            "flex": 1,
            "flexDirection": "row",
          }
        }
      >
        <ImageView
          imageProps={Object {}}
          source={null}
          style={
            Object {
              "alignSelf": "center",
              "height": 36,
              "padding": 8,
              "width": 36,
            }
          }
        />
        <View
          style={
            Object {
              "flex": 1,
              "padding": 8,
            }
          }
        >
          <TextView
            numberOfLines={1}
            style={
              Object {
                "backgroundColor": "transparent",
                "color": "white",
                "fontSize": 16,
                "fontWeight": "bold",
                "textAlign": "left",
              }
            }
            text=""
          />
          <TextView
            numberOfLines={3}
            style={
              Object {
                "backgroundColor": "transparent",
                "color": "white",
                "fontSize": 14,
                "fontWeight": "normal",
                "textAlign": "left",
              }
            }
            text=""
          />
        </View>
      </SafeAreaView>
    </View>
  </TouchableOpacity>
</AnimatedComponent>
`;
